>  : (-> int (all (a) (-> (-> a a) a a)))
-> #<function>
>  : int
-> 527
> 