>  : int
-> 5
>  : (-> int int int)
-> #<function>
>  : (all (a) (-> a a))
-> #<function>
>  : (-> int int)
-> #<function>
> 