>  : (all (a b) (-> a b (all (a0) (-> a0 a))))
-> #<function>
>  : (all (a b)
 (-> a b (all (a0 b0) (-> (* a0 b0) (all (a1) (-> a1 (* a b0 a0)))))))
-> #<function>
>  : (all (a b)
 (-> a b
  (-> (* (all (a0) (-> a0 a)) b)
   (all (a0) (-> a0 (* a b (all (a1) (-> a1 a))))))))
-> #<function>
>  : (all (a b) (-> a b (-> int (* a b (all (a0) (-> a0 a))))))
-> #<function>
> 