>  : int
-> 4
>  : (all (a) (-> a a))
-> #<function>
>  : (all (a) (-> a a))
-> #<function>
>  : (all (a) (-> a (all (a0) (-> (-> a a0) a0))))
-> #<function>
>  : (all (a) (-> a (all (a0) (-> (-> a a0) a0))))
-> #<function>
> 